2026-05-29 01:31:56 [Thread-3] INFO  c.l.a.server.network.SocketServer - Received shutdown signal. Commencing graceful shutdown...
2026-05-29 01:31:56 [Thread-3] INFO  c.l.a.s.service.BroadcastManager - Shutting down BroadcastManager...
2026-05-29 01:31:56 [Thread-3] INFO  c.l.a.server.network.SocketServer - Shutting down SocketServer thread pool...
2026-05-29 01:32:01 [Thread-3] INFO  c.l.a.server.network.SocketServer - Closing database connection pool...
2026-05-29 01:32:01 [Thread-3] INFO  com.zaxxer.hikari.HikariDataSource - BidMasterHiPool - Shutdown initiated...
2026-05-29 01:32:01 [Thread-3] INFO  com.zaxxer.hikari.HikariDataSource - BidMasterHiPool - Shutdown completed.
2026-05-29 01:32:01 [Thread-3] INFO  c.l.a.server.network.SocketServer - Graceful shutdown completed. Goodbye!
2026-05-29 01:32:11 [com.ltnc.auction.server.ServerMain.main()] INFO  com.zaxxer.hikari.HikariDataSource - BidMasterHiPool - Starting...
2026-05-29 01:32:12 [com.ltnc.auction.server.ServerMain.main()] INFO  com.zaxxer.hikari.pool.HikariPool - BidMasterHiPool - Added connection conn0: url=jdbc:h2:./data/auction_db user=SA
2026-05-29 01:32:12 [com.ltnc.auction.server.ServerMain.main()] INFO  com.zaxxer.hikari.HikariDataSource - BidMasterHiPool - Start completed.
2026-05-29 01:32:12 [com.ltnc.auction.server.ServerMain.main()] INFO  c.l.a.server.db.SchemaInitializer - Database schema initialized successfully
2026-05-29 01:32:12 [com.ltnc.auction.server.ServerMain.main()] INFO  c.ltnc.auction.server.db.DataSeeder - Seed data already present, skipping
2026-05-29 01:32:12 [com.ltnc.auction.server.ServerMain.main()] INFO  c.l.a.server.service.AuctionService - AuctionService initialized with 12 active auctions
2026-05-29 01:32:12 [com.ltnc.auction.server.ServerMain.main()] INFO  c.l.a.s.service.AuctionStateManager - AuctionStateManager started (1s tick)
2026-05-29 01:32:12 [com.ltnc.auction.server.ServerMain.main()] INFO  com.ltnc.auction.server.ServerMain - BidMaster server listening on TCP port 9090 (override with arg[0] or AUCTION_SERVER_PORT)
2026-05-29 01:32:12 [com.ltnc.auction.server.ServerMain.main()] INFO  c.l.a.server.network.SocketServer - Socket accept loop started on port 9090
2026-05-29 01:32:27 [Thread-3] INFO  c.l.a.server.network.SocketServer - Received shutdown signal. Commencing graceful shutdown...
2026-05-29 01:32:27 [Thread-3] INFO  c.l.a.s.service.BroadcastManager - Shutting down BroadcastManager...
2026-05-29 01:32:27 [Thread-3] INFO  c.l.a.server.network.SocketServer - Shutting down SocketServer thread pool...
2026-05-29 01:32:27 [Thread-3] INFO  c.l.a.server.network.SocketServer - Closing database connection pool...
2026-05-29 01:32:27 [Thread-3] INFO  com.zaxxer.hikari.HikariDataSource - BidMasterHiPool - Shutdown initiated...
2026-05-29 01:32:27 [Thread-3] INFO  com.zaxxer.hikari.HikariDataSource - BidMasterHiPool - Shutdown completed.
2026-05-29 01:32:27 [Thread-3] INFO  c.l.a.server.network.SocketServer - Graceful shutdown completed. Goodbye!
2026-05-29 01:32:35 [com.ltnc.auction.server.ServerMain.main()] INFO  com.zaxxer.hikari.HikariDataSource - BidMasterHiPool - Starting...
2026-05-29 01:32:36 [com.ltnc.auction.server.ServerMain.main()] INFO  com.zaxxer.hikari.pool.HikariPool - BidMasterHiPool - Added connection conn0: url=jdbc:h2:./data/auction_db user=SA
2026-05-29 01:32:36 [com.ltnc.auction.server.ServerMain.main()] INFO  com.zaxxer.hikari.HikariDataSource - BidMasterHiPool - Start completed.
2026-05-29 01:32:37 [com.ltnc.auction.server.ServerMain.main()] INFO  c.l.a.server.db.SchemaInitializer - Database schema initialized successfully
2026-05-29 01:32:48 [com.ltnc.auction.server.ServerMain.main()] INFO  c.ltnc.auction.server.db.DataSeeder - Fake seed data inserted successfully (rich dataset)
2026-05-29 01:32:48 [com.ltnc.auction.server.ServerMain.main()] INFO  c.ltnc.auction.server.db.DataSeeder - Demo users: demo@gmail.com / seller@gmail.com / admin@gmail.com
2026-05-29 01:32:48 [com.ltnc.auction.server.ServerMain.main()] INFO  c.ltnc.auction.server.db.DataSeeder - Extra users: binh@gmail.com, hoa@gmail.com, anh@gmail.com, khanh@gmail.com, trinh@gmail.com
2026-05-29 01:32:48 [com.ltnc.auction.server.ServerMain.main()] INFO  c.l.a.server.service.AuctionService - AuctionService initialized with 22 active auctions
2026-05-29 01:32:48 [com.ltnc.auction.server.ServerMain.main()] INFO  c.l.a.s.service.AuctionStateManager - AuctionStateManager started (1s tick)
2026-05-29 01:32:48 [com.ltnc.auction.server.ServerMain.main()] INFO  com.ltnc.auction.server.ServerMain - BidMaster server listening on TCP port 9090 (override with arg[0] or AUCTION_SERVER_PORT)
2026-05-29 01:32:48 [com.ltnc.auction.server.ServerMain.main()] INFO  c.l.a.server.network.SocketServer - Socket accept loop started on port 9090
2026-05-29 01:35:16 [Thread-3] INFO  c.l.a.server.network.SocketServer - Received shutdown signal. Commencing graceful shutdown...
2026-05-29 01:35:16 [Thread-3] INFO  c.l.a.s.service.BroadcastManager - Shutting down BroadcastManager...
2026-05-29 01:35:16 [Thread-3] INFO  c.l.a.server.network.SocketServer - Shutting down SocketServer thread pool...
2026-05-29 01:35:21 [Thread-3] INFO  c.l.a.server.network.SocketServer - Closing database connection pool...
2026-05-29 01:35:21 [Thread-3] INFO  com.zaxxer.hikari.HikariDataSource - BidMasterHiPool - Shutdown initiated...
2026-05-29 01:35:21 [Thread-3] INFO  com.zaxxer.hikari.HikariDataSource - BidMasterHiPool - Shutdown completed.
2026-05-29 01:35:21 [Thread-3] INFO  c.l.a.server.network.SocketServer - Graceful shutdown completed. Goodbye!
2026-05-29 01:35:50 [com.ltnc.auction.server.ServerMain.main()] INFO  com.zaxxer.hikari.HikariDataSource - BidMasterHiPool - Starting...
2026-05-29 01:35:50 [com.ltnc.auction.server.ServerMain.main()] INFO  com.zaxxer.hikari.pool.HikariPool - BidMasterHiPool - Added connection conn0: url=jdbc:h2:./data/auction_db user=SA
2026-05-29 01:35:50 [com.ltnc.auction.server.ServerMain.main()] INFO  com.zaxxer.hikari.HikariDataSource - BidMasterHiPool - Start completed.
2026-05-29 01:35:50 [com.ltnc.auction.server.ServerMain.main()] INFO  c.l.a.server.db.SchemaInitializer - Database schema initialized successfully
2026-05-29 01:35:53 [com.ltnc.auction.server.ServerMain.main()] INFO  c.ltnc.auction.server.db.DataSeeder - Fake seed data inserted successfully (7 auction use cases)
2026-05-29 01:35:53 [com.ltnc.auction.server.ServerMain.main()] INFO  c.ltnc.auction.server.db.DataSeeder - Demo users: demo@gmail.com / seller@gmail.com / admin@gmail.com
2026-05-29 01:35:53 [com.ltnc.auction.server.ServerMain.main()] INFO  c.ltnc.auction.server.db.DataSeeder - Extra users: binh@gmail.com, hoa@gmail.com, anh@gmail.com, khanh@gmail.com
2026-05-29 01:35:53 [com.ltnc.auction.server.ServerMain.main()] INFO  c.l.a.server.service.AuctionService - AuctionService initialized with 3 active auctions
2026-05-29 01:35:53 [com.ltnc.auction.server.ServerMain.main()] INFO  c.l.a.s.service.AuctionStateManager - AuctionStateManager started (1s tick)
2026-05-29 01:35:53 [com.ltnc.auction.server.ServerMain.main()] INFO  com.ltnc.auction.server.ServerMain - BidMaster server listening on TCP port 9090 (override with arg[0] or AUCTION_SERVER_PORT)
2026-05-29 01:35:53 [com.ltnc.auction.server.ServerMain.main()] INFO  c.l.a.server.network.SocketServer - Socket accept loop started on port 9090
2026-05-29 01:40:29 [Thread-3] INFO  c.l.a.server.network.SocketServer - Received shutdown signal. Commencing graceful shutdown...
2026-05-29 01:40:29 [Thread-3] INFO  c.l.a.s.service.BroadcastManager - Shutting down BroadcastManager...
2026-05-29 01:40:29 [Thread-3] INFO  c.l.a.server.network.SocketServer - Shutting down SocketServer thread pool...
2026-05-29 01:40:33 [Thread-3] INFO  c.l.a.server.network.SocketServer - Closing database connection pool...
2026-05-29 01:40:33 [Thread-3] INFO  com.zaxxer.hikari.HikariDataSource - BidMasterHiPool - Shutdown initiated...
2026-05-29 01:40:33 [Thread-3] INFO  com.zaxxer.hikari.HikariDataSource - BidMasterHiPool - Shutdown completed.
2026-05-29 01:40:33 [Thread-3] INFO  c.l.a.server.network.SocketServer - Graceful shutdown completed. Goodbye!
2026-05-29 01:40:44 [com.ltnc.auction.server.ServerMain.main()] INFO  com.zaxxer.hikari.HikariDataSource - BidMasterHiPool - Starting...
2026-05-29 01:40:45 [com.ltnc.auction.server.ServerMain.main()] INFO  com.zaxxer.hikari.pool.HikariPool - BidMasterHiPool - Added connection conn0: url=jdbc:h2:./data/auction_db user=SA
2026-05-29 01:40:45 [com.ltnc.auction.server.ServerMain.main()] INFO  com.zaxxer.hikari.HikariDataSource - BidMasterHiPool - Start completed.
2026-05-29 01:40:45 [com.ltnc.auction.server.ServerMain.main()] INFO  c.l.a.server.db.SchemaInitializer - Database schema initialized successfully
2026-05-29 01:40:49 [com.ltnc.auction.server.ServerMain.main()] INFO  c.ltnc.auction.server.db.DataSeeder - Fake seed data inserted successfully (7 auction use cases)
2026-05-29 01:40:49 [com.ltnc.auction.server.ServerMain.main()] INFO  c.ltnc.auction.server.db.DataSeeder - Demo users: demo@gmail.com / seller@gmail.com / admin@gmail.com
2026-05-29 01:40:49 [com.ltnc.auction.server.ServerMain.main()] INFO  c.ltnc.auction.server.db.DataSeeder - Extra users: binh@gmail.com, hoa@gmail.com, anh@gmail.com, khanh@gmail.com
2026-05-29 01:40:49 [com.ltnc.auction.server.ServerMain.main()] INFO  c.l.a.server.service.AuctionService - AuctionService initialized with 3 active auctions
2026-05-29 01:40:49 [com.ltnc.auction.server.ServerMain.main()] INFO  c.l.a.s.service.AuctionStateManager - AuctionStateManager started (1s tick)
2026-05-29 01:40:49 [com.ltnc.auction.server.ServerMain.main()] INFO  com.ltnc.auction.server.ServerMain - BidMaster server listening on TCP port 9090 (override with arg[0] or AUCTION_SERVER_PORT)
2026-05-29 01:40:49 [com.ltnc.auction.server.ServerMain.main()] INFO  c.l.a.server.network.SocketServer - Socket accept loop started on port 9090
2026-05-29 01:43:16 [Thread-3] INFO  c.l.a.server.network.SocketServer - Received shutdown signal. Commencing graceful shutdown...
2026-05-29 01:43:16 [Thread-3] INFO  c.l.a.s.service.BroadcastManager - Shutting down BroadcastManager...
2026-05-29 01:43:16 [Thread-3] INFO  c.l.a.server.network.SocketServer - Shutting down SocketServer thread pool...
2026-05-29 01:43:16 [Thread-3] INFO  c.l.a.server.network.SocketServer - Closing database connection pool...
2026-05-29 01:43:16 [Thread-3] INFO  com.zaxxer.hikari.HikariDataSource - BidMasterHiPool - Shutdown initiated...
2026-05-29 01:43:16 [Thread-3] INFO  com.zaxxer.hikari.HikariDataSource - BidMasterHiPool - Shutdown completed.
2026-05-29 01:43:16 [Thread-3] INFO  c.l.a.server.network.SocketServer - Graceful shutdown completed. Goodbye!
2026-05-29 01:43:23 [com.ltnc.auction.server.ServerMain.main()] INFO  com.zaxxer.hikari.HikariDataSource - BidMasterHiPool - Starting...
2026-05-29 01:43:23 [com.ltnc.auction.server.ServerMain.main()] INFO  com.zaxxer.hikari.pool.HikariPool - BidMasterHiPool - Added connection conn0: url=jdbc:h2:./data/auction_db user=SA
2026-05-29 01:43:23 [com.ltnc.auction.server.ServerMain.main()] INFO  com.zaxxer.hikari.HikariDataSource - BidMasterHiPool - Start completed.
2026-05-29 01:43:23 [com.ltnc.auction.server.ServerMain.main()] INFO  c.l.a.server.db.SchemaInitializer - Database schema initialized successfully
2026-05-29 01:43:25 [com.ltnc.auction.server.ServerMain.main()] INFO  c.ltnc.auction.server.db.DataSeeder - Fake seed data inserted successfully (7 auction use cases)
2026-05-29 01:43:25 [com.ltnc.auction.server.ServerMain.main()] INFO  c.ltnc.auction.server.db.DataSeeder - Demo users: demo@gmail.com / seller@gmail.com / admin@gmail.com
2026-05-29 01:43:25 [com.ltnc.auction.server.ServerMain.main()] INFO  c.ltnc.auction.server.db.DataSeeder - Extra users: binh@gmail.com, hoa@gmail.com, anh@gmail.com, khanh@gmail.com
2026-05-29 01:43:25 [com.ltnc.auction.server.ServerMain.main()] INFO  c.l.a.server.service.AuctionService - AuctionService initialized with 3 active auctions
2026-05-29 01:43:25 [com.ltnc.auction.server.ServerMain.main()] INFO  c.l.a.s.service.AuctionStateManager - AuctionStateManager started (1s tick)
2026-05-29 01:43:25 [com.ltnc.auction.server.ServerMain.main()] INFO  com.ltnc.auction.server.ServerMain - BidMaster server listening on TCP port 9090 (override with arg[0] or AUCTION_SERVER_PORT)
2026-05-29 01:43:26 [com.ltnc.auction.server.ServerMain.main()] INFO  c.l.a.server.network.SocketServer - Socket accept loop started on port 9090
2026-05-29 01:47:58 [Thread-3] INFO  c.l.a.server.network.SocketServer - Received shutdown signal. Commencing graceful shutdown...
2026-05-29 01:47:58 [Thread-3] INFO  c.l.a.s.service.BroadcastManager - Shutting down BroadcastManager...
2026-05-29 01:47:58 [Thread-3] INFO  c.l.a.server.network.SocketServer - Shutting down SocketServer thread pool...
2026-05-29 01:48:00 [Thread-3] INFO  c.l.a.server.network.SocketServer - Closing database connection pool...
2026-05-29 01:48:00 [Thread-3] INFO  com.zaxxer.hikari.HikariDataSource - BidMasterHiPool - Shutdown initiated...
2026-05-29 01:48:00 [Thread-3] INFO  com.zaxxer.hikari.HikariDataSource - BidMasterHiPool - Shutdown completed.
2026-05-29 01:48:00 [Thread-3] INFO  c.l.a.server.network.SocketServer - Graceful shutdown completed. Goodbye!
2026-05-29 01:48:05 [com.ltnc.auction.server.ServerMain.main()] INFO  com.zaxxer.hikari.HikariDataSource - BidMasterHiPool - Starting...
2026-05-29 01:48:05 [com.ltnc.auction.server.ServerMain.main()] INFO  com.zaxxer.hikari.pool.HikariPool - BidMasterHiPool - Added connection conn0: url=jdbc:h2:./data/auction_db user=SA
2026-05-29 01:48:05 [com.ltnc.auction.server.ServerMain.main()] INFO  com.zaxxer.hikari.HikariDataSource - BidMasterHiPool - Start completed.
2026-05-29 01:48:05 [com.ltnc.auction.server.ServerMain.main()] INFO  c.l.a.server.db.SchemaInitializer - Database schema initialized successfully
2026-05-29 01:48:08 [com.ltnc.auction.server.ServerMain.main()] INFO  c.ltnc.auction.server.db.DataSeeder - Fake seed data inserted successfully (7 auction use cases)
2026-05-29 01:48:08 [com.ltnc.auction.server.ServerMain.main()] INFO  c.ltnc.auction.server.db.DataSeeder - Demo users: demo@gmail.com / seller@gmail.com / admin@gmail.com
2026-05-29 01:48:08 [com.ltnc.auction.server.ServerMain.main()] INFO  c.ltnc.auction.server.db.DataSeeder - Extra users: binh@gmail.com, hoa@gmail.com, anh@gmail.com, khanh@gmail.com
2026-05-29 01:48:08 [com.ltnc.auction.server.ServerMain.main()] INFO  c.l.a.server.service.AuctionService - AuctionService initialized with 3 active auctions
2026-05-29 01:48:08 [com.ltnc.auction.server.ServerMain.main()] INFO  c.l.a.s.service.AuctionStateManager - AuctionStateManager started (1s tick)
2026-05-29 01:48:08 [com.ltnc.auction.server.ServerMain.main()] INFO  com.ltnc.auction.server.ServerMain - BidMaster server listening on TCP port 9090 (override with arg[0] or AUCTION_SERVER_PORT)
2026-05-29 01:48:08 [com.ltnc.auction.server.ServerMain.main()] INFO  c.l.a.server.network.SocketServer - Socket accept loop started on port 9090
2026-05-29 01:49:55 [Thread-3] INFO  c.l.a.server.network.SocketServer - Received shutdown signal. Commencing graceful shutdown...
2026-05-29 01:49:55 [Thread-3] INFO  c.l.a.s.service.BroadcastManager - Shutting down BroadcastManager...
2026-05-29 01:49:55 [Thread-3] INFO  c.l.a.server.network.SocketServer - Shutting down SocketServer thread pool...
2026-05-29 01:49:55 [Thread-3] INFO  c.l.a.server.network.SocketServer - Closing database connection pool...
2026-05-29 01:49:55 [Thread-3] INFO  com.zaxxer.hikari.HikariDataSource - BidMasterHiPool - Shutdown initiated...
2026-05-29 01:49:55 [Thread-3] INFO  com.zaxxer.hikari.HikariDataSource - BidMasterHiPool - Shutdown completed.
2026-05-29 01:49:55 [Thread-3] INFO  c.l.a.server.network.SocketServer - Graceful shutdown completed. Goodbye!
2026-05-29 01:50:33 [com.ltnc.auction.server.ServerMain.main()] INFO  com.zaxxer.hikari.HikariDataSource - BidMasterHiPool - Starting...
2026-05-29 01:50:33 [com.ltnc.auction.server.ServerMain.main()] INFO  com.zaxxer.hikari.pool.HikariPool - BidMasterHiPool - Added connection conn0: url=jdbc:h2:./data/auction_db user=SA
2026-05-29 01:50:33 [com.ltnc.auction.server.ServerMain.main()] INFO  com.zaxxer.hikari.HikariDataSource - BidMasterHiPool - Start completed.
2026-05-29 01:50:33 [com.ltnc.auction.server.ServerMain.main()] INFO  c.l.a.server.db.SchemaInitializer - Database schema initialized successfully
2026-05-29 01:50:36 [com.ltnc.auction.server.ServerMain.main()] INFO  c.ltnc.auction.server.db.DataSeeder - Fake seed data inserted successfully (7 auction use cases)
2026-05-29 01:50:36 [com.ltnc.auction.server.ServerMain.main()] INFO  c.ltnc.auction.server.db.DataSeeder - Demo users: demo@gmail.com / seller@gmail.com / admin@gmail.com
2026-05-29 01:50:36 [com.ltnc.auction.server.ServerMain.main()] INFO  c.ltnc.auction.server.db.DataSeeder - Extra users: binh@gmail.com, hoa@gmail.com, anh@gmail.com, khanh@gmail.com
2026-05-29 01:50:36 [com.ltnc.auction.server.ServerMain.main()] INFO  c.l.a.server.service.AuctionService - AuctionService initialized with 3 active auctions
2026-05-29 01:50:36 [com.ltnc.auction.server.ServerMain.main()] INFO  c.l.a.s.service.AuctionStateManager - AuctionStateManager started (1s tick)
2026-05-29 01:50:36 [com.ltnc.auction.server.ServerMain.main()] INFO  com.ltnc.auction.server.ServerMain - BidMaster server listening on TCP port 9090 (override with arg[0] or AUCTION_SERVER_PORT)
2026-05-29 01:50:36 [com.ltnc.auction.server.ServerMain.main()] INFO  c.l.a.server.network.SocketServer - Socket accept loop started on port 9090
2026-05-29 01:52:08 [Thread-3] INFO  c.l.a.server.network.SocketServer - Received shutdown signal. Commencing graceful shutdown...
2026-05-29 01:52:08 [Thread-3] INFO  c.l.a.s.service.BroadcastManager - Shutting down BroadcastManager...
2026-05-29 01:52:08 [Thread-3] INFO  c.l.a.server.network.SocketServer - Shutting down SocketServer thread pool...
2026-05-29 01:52:08 [Thread-3] INFO  c.l.a.server.network.SocketServer - Closing database connection pool...
2026-05-29 01:52:08 [Thread-3] INFO  com.zaxxer.hikari.HikariDataSource - BidMasterHiPool - Shutdown initiated...
2026-05-29 01:52:08 [Thread-3] INFO  com.zaxxer.hikari.HikariDataSource - BidMasterHiPool - Shutdown completed.
2026-05-29 01:52:08 [Thread-3] INFO  c.l.a.server.network.SocketServer - Graceful shutdown completed. Goodbye!
2026-05-29 01:52:15 [com.ltnc.auction.server.ServerMain.main()] INFO  com.zaxxer.hikari.HikariDataSource - BidMasterHiPool - Starting...
2026-05-29 01:52:15 [com.ltnc.auction.server.ServerMain.main()] INFO  com.zaxxer.hikari.pool.HikariPool - BidMasterHiPool - Added connection conn0: url=jdbc:h2:./data/auction_db user=SA
2026-05-29 01:52:15 [com.ltnc.auction.server.ServerMain.main()] INFO  com.zaxxer.hikari.HikariDataSource - BidMasterHiPool - Start completed.
2026-05-29 01:52:16 [com.ltnc.auction.server.ServerMain.main()] INFO  c.l.a.server.db.SchemaInitializer - Database schema initialized successfully
2026-05-29 01:52:19 [com.ltnc.auction.server.ServerMain.main()] INFO  c.ltnc.auction.server.db.DataSeeder - Fake seed data inserted successfully (7 auction use cases)
2026-05-29 01:52:19 [com.ltnc.auction.server.ServerMain.main()] INFO  c.ltnc.auction.server.db.DataSeeder - Demo users: demo@gmail.com / seller@gmail.com / admin@gmail.com
2026-05-29 01:52:19 [com.ltnc.auction.server.ServerMain.main()] INFO  c.ltnc.auction.server.db.DataSeeder - Extra users: binh@gmail.com, hoa@gmail.com, anh@gmail.com, khanh@gmail.com
2026-05-29 01:52:19 [com.ltnc.auction.server.ServerMain.main()] INFO  c.l.a.server.service.AuctionService - AuctionService initialized with 3 active auctions
2026-05-29 01:52:19 [com.ltnc.auction.server.ServerMain.main()] INFO  c.l.a.s.service.AuctionStateManager - AuctionStateManager started (1s tick)
2026-05-29 01:52:19 [com.ltnc.auction.server.ServerMain.main()] INFO  com.ltnc.auction.server.ServerMain - BidMaster server listening on TCP port 9090 (override with arg[0] or AUCTION_SERVER_PORT)
2026-05-29 01:52:19 [com.ltnc.auction.server.ServerMain.main()] INFO  c.l.a.server.network.SocketServer - Socket accept loop started on port 9090
2026-05-29 01:54:23 [Thread-3] INFO  c.l.a.server.network.SocketServer - Received shutdown signal. Commencing graceful shutdown...
2026-05-29 01:54:23 [Thread-3] INFO  c.l.a.s.service.BroadcastManager - Shutting down BroadcastManager...
2026-05-29 01:54:23 [Thread-3] INFO  c.l.a.server.network.SocketServer - Shutting down SocketServer thread pool...
2026-05-29 01:54:23 [Thread-3] INFO  c.l.a.server.network.SocketServer - Closing database connection pool...
2026-05-29 01:54:23 [Thread-3] INFO  com.zaxxer.hikari.HikariDataSource - BidMasterHiPool - Shutdown initiated...
2026-05-29 01:54:23 [Thread-3] INFO  com.zaxxer.hikari.HikariDataSource - BidMasterHiPool - Shutdown completed.
2026-05-29 01:54:23 [Thread-3] INFO  c.l.a.server.network.SocketServer - Graceful shutdown completed. Goodbye!
2026-05-29 01:54:36 [com.ltnc.auction.server.ServerMain.main()] INFO  com.zaxxer.hikari.HikariDataSource - BidMasterHiPool - Starting...
2026-05-29 01:54:36 [com.ltnc.auction.server.ServerMain.main()] INFO  com.zaxxer.hikari.pool.HikariPool - BidMasterHiPool - Added connection conn0: url=jdbc:h2:./data/auction_db user=SA
2026-05-29 01:54:36 [com.ltnc.auction.server.ServerMain.main()] INFO  com.zaxxer.hikari.HikariDataSource - BidMasterHiPool - Start completed.
2026-05-29 01:54:37 [com.ltnc.auction.server.ServerMain.main()] INFO  c.l.a.server.db.SchemaInitializer - Database schema initialized successfully
2026-05-29 01:54:39 [com.ltnc.auction.server.ServerMain.main()] INFO  c.ltnc.auction.server.db.DataSeeder - Fake seed data inserted successfully (7 auction use cases)
2026-05-29 01:54:39 [com.ltnc.auction.server.ServerMain.main()] INFO  c.ltnc.auction.server.db.DataSeeder - Demo users: demo@gmail.com / seller@gmail.com / admin@gmail.com
2026-05-29 01:54:39 [com.ltnc.auction.server.ServerMain.main()] INFO  c.ltnc.auction.server.db.DataSeeder - Extra users: binh@gmail.com, hoa@gmail.com, anh@gmail.com, khanh@gmail.com
2026-05-29 01:54:39 [com.ltnc.auction.server.ServerMain.main()] INFO  c.l.a.server.service.AuctionService - AuctionService initialized with 3 active auctions
2026-05-29 01:54:39 [com.ltnc.auction.server.ServerMain.main()] INFO  c.l.a.s.service.AuctionStateManager - AuctionStateManager started (1s tick)
2026-05-29 01:54:39 [com.ltnc.auction.server.ServerMain.main()] INFO  com.ltnc.auction.server.ServerMain - BidMaster server listening on TCP port 9090 (override with arg[0] or AUCTION_SERVER_PORT)
2026-05-29 01:54:39 [com.ltnc.auction.server.ServerMain.main()] INFO  c.l.a.server.network.SocketServer - Socket accept loop started on port 9090
2026-05-29 01:55:40 [Thread-3] INFO  c.l.a.server.network.SocketServer - Received shutdown signal. Commencing graceful shutdown...
2026-05-29 01:55:40 [Thread-3] INFO  c.l.a.s.service.BroadcastManager - Shutting down BroadcastManager...
2026-05-29 01:55:40 [Thread-3] INFO  c.l.a.server.network.SocketServer - Shutting down SocketServer thread pool...
2026-05-29 01:55:40 [Thread-3] INFO  c.l.a.server.network.SocketServer - Closing database connection pool...
2026-05-29 01:55:40 [Thread-3] INFO  com.zaxxer.hikari.HikariDataSource - BidMasterHiPool - Shutdown initiated...
2026-05-29 01:55:40 [Thread-3] INFO  com.zaxxer.hikari.HikariDataSource - BidMasterHiPool - Shutdown completed.
2026-05-29 01:55:40 [Thread-3] INFO  c.l.a.server.network.SocketServer - Graceful shutdown completed. Goodbye!
2026-05-29 01:55:46 [com.ltnc.auction.server.ServerMain.main()] INFO  com.zaxxer.hikari.HikariDataSource - BidMasterHiPool - Starting...
2026-05-29 01:55:47 [com.ltnc.auction.server.ServerMain.main()] INFO  com.zaxxer.hikari.pool.HikariPool - BidMasterHiPool - Added connection conn0: url=jdbc:h2:./data/auction_db user=SA
2026-05-29 01:55:47 [com.ltnc.auction.server.ServerMain.main()] INFO  com.zaxxer.hikari.HikariDataSource - BidMasterHiPool - Start completed.
2026-05-29 01:55:47 [com.ltnc.auction.server.ServerMain.main()] INFO  c.l.a.server.db.SchemaInitializer - Database schema initialized successfully
2026-05-29 01:55:50 [com.ltnc.auction.server.ServerMain.main()] INFO  c.ltnc.auction.server.db.DataSeeder - Fake seed data inserted successfully (7 auction use cases)
2026-05-29 01:55:50 [com.ltnc.auction.server.ServerMain.main()] INFO  c.ltnc.auction.server.db.DataSeeder - Demo users: demo@gmail.com / seller@gmail.com / admin@gmail.com
2026-05-29 01:55:50 [com.ltnc.auction.server.ServerMain.main()] INFO  c.ltnc.auction.server.db.DataSeeder - Extra users: binh@gmail.com, hoa@gmail.com, anh@gmail.com, khanh@gmail.com
2026-05-29 01:55:50 [com.ltnc.auction.server.ServerMain.main()] INFO  c.l.a.server.service.AuctionService - AuctionService initialized with 3 active auctions
2026-05-29 01:55:50 [com.ltnc.auction.server.ServerMain.main()] INFO  c.l.a.s.service.AuctionStateManager - AuctionStateManager started (1s tick)
2026-05-29 01:55:50 [com.ltnc.auction.server.ServerMain.main()] INFO  com.ltnc.auction.server.ServerMain - BidMaster server listening on TCP port 9090 (override with arg[0] or AUCTION_SERVER_PORT)
2026-05-29 01:55:50 [com.ltnc.auction.server.ServerMain.main()] INFO  c.l.a.server.network.SocketServer - Socket accept loop started on port 9090
2026-05-29 01:58:04 [Thread-3] INFO  c.l.a.server.network.SocketServer - Received shutdown signal. Commencing graceful shutdown...
2026-05-29 01:58:04 [Thread-3] INFO  c.l.a.s.service.BroadcastManager - Shutting down BroadcastManager...
2026-05-29 01:58:04 [Thread-3] INFO  c.l.a.server.network.SocketServer - Shutting down SocketServer thread pool...
2026-05-29 01:58:04 [Thread-3] INFO  c.l.a.server.network.SocketServer - Closing database connection pool...
2026-05-29 01:58:04 [Thread-3] INFO  com.zaxxer.hikari.HikariDataSource - BidMasterHiPool - Shutdown initiated...
2026-05-29 01:58:04 [Thread-3] INFO  com.zaxxer.hikari.HikariDataSource - BidMasterHiPool - Shutdown completed.
2026-05-29 01:58:04 [Thread-3] INFO  c.l.a.server.network.SocketServer - Graceful shutdown completed. Goodbye!
2026-05-29 02:00:07 [com.ltnc.auction.server.ServerMain.main()] INFO  com.zaxxer.hikari.HikariDataSource - BidMasterHiPool - Starting...
2026-05-29 02:00:08 [com.ltnc.auction.server.ServerMain.main()] INFO  com.zaxxer.hikari.pool.HikariPool - BidMasterHiPool - Added connection conn0: url=jdbc:h2:./data/auction_db user=SA
2026-05-29 02:00:08 [com.ltnc.auction.server.ServerMain.main()] INFO  com.zaxxer.hikari.HikariDataSource - BidMasterHiPool - Start completed.
2026-05-29 02:00:08 [com.ltnc.auction.server.ServerMain.main()] INFO  c.l.a.server.db.SchemaInitializer - Database schema initialized successfully
2026-05-29 02:00:10 [com.ltnc.auction.server.ServerMain.main()] INFO  c.ltnc.auction.server.db.DataSeeder - Fake seed data inserted successfully (7 auction use cases)
2026-05-29 02:00:10 [com.ltnc.auction.server.ServerMain.main()] INFO  c.ltnc.auction.server.db.DataSeeder - Demo users: demo@gmail.com / seller@gmail.com / admin@gmail.com
2026-05-29 02:00:10 [com.ltnc.auction.server.ServerMain.main()] INFO  c.ltnc.auction.server.db.DataSeeder - Extra users: binh@gmail.com, hoa@gmail.com, anh@gmail.com, khanh@gmail.com
2026-05-29 02:00:11 [com.ltnc.auction.server.ServerMain.main()] INFO  c.l.a.server.service.AuctionService - AuctionService initialized with 3 active auctions
2026-05-29 02:00:11 [com.ltnc.auction.server.ServerMain.main()] INFO  c.l.a.s.service.AuctionStateManager - AuctionStateManager started (1s tick)
2026-05-29 02:00:11 [com.ltnc.auction.server.ServerMain.main()] INFO  com.ltnc.auction.server.ServerMain - BidMaster server listening on TCP port 9090 (override with arg[0] or AUCTION_SERVER_PORT)
2026-05-29 02:00:11 [com.ltnc.auction.server.ServerMain.main()] INFO  c.l.a.server.network.SocketServer - Socket accept loop started on port 9090
2026-05-29 02:02:05 [Thread-3] INFO  c.l.a.server.network.SocketServer - Received shutdown signal. Commencing graceful shutdown...
2026-05-29 02:02:05 [Thread-3] INFO  c.l.a.s.service.BroadcastManager - Shutting down BroadcastManager...
2026-05-29 02:02:05 [Thread-3] INFO  c.l.a.server.network.SocketServer - Shutting down SocketServer thread pool...
2026-05-29 02:02:05 [Thread-3] INFO  c.l.a.server.network.SocketServer - Closing database connection pool...
2026-05-29 02:02:05 [Thread-3] INFO  com.zaxxer.hikari.HikariDataSource - BidMasterHiPool - Shutdown initiated...
2026-05-29 02:02:05 [Thread-3] INFO  com.zaxxer.hikari.HikariDataSource - BidMasterHiPool - Shutdown completed.
2026-05-29 02:02:05 [Thread-3] INFO  c.l.a.server.network.SocketServer - Graceful shutdown completed. Goodbye!
